I'm sorry, but errors were detected in your script. Please correct the
errors listed below, and try again.


File "game/screens.rpy", line 294: u'play' is not a keyword argument or valid child for the screen statement.
    play music "audio/doki_doki_literature_club"
        ^

Ren'Py Version: Ren'Py 7.3.5.606
Wed Apr 29 15:33:24 2020
